// Jest Snapshot v1, https://goo.gl/fbAQLP

exports[`Grid Default Grid 1`] = `
<EmotionCssPropInternal
  __EMOTION_LABEL_PLEASE_DO_NOT_USE__="Component"
  __EMOTION_TYPE_PLEASE_DO_NOT_USE__="div"
  css={
    Object {
      "boxSizing": "border-box",
      "display": "flex",
      "flexFlow": undefined,
      "flexWrap": "nowrap",
      "padding": "0px",
    }
  }
>
  Test Grid
</EmotionCssPropInternal>
`;
